C51 COMPILER V9.54   KEY                                                                   04/19/2022 10:26:44 PAGE 1   


C51 COMPILER V9.54, COMPILATION OF MODULE KEY
OBJECT MODULE PLACED IN .\Objects\key.obj
COMPILER INVOKED BY: D:\Keil\C51\BIN\C51.EXE ..\driver\key.c OPTIMIZE(8,SPEED) BROWSE INCDIR(..\sys;..\driver) DEBUG OBJ
                    -ECTEXTEND PRINT(.\Listings\key.lst) TABS(2) OBJECT(.\Objects\key.obj)

line level    source

   1          #include <key.h>
   2          
   3          #define GPIO_DIG P0
   4          #define GPIO_KEY P1
   5          
   6          /*******************************************************************************
   7          * 函 数 名         : Key_Read_KBD
   8          * 函数功能       : 检测矩阵按键按下情况
   9          * 输    入         : 无
  10          * 输    出         : 按下的按键的键值
  11          *******************************************************************************/
  12          unsigned char Key_Read_KBD(void)
  13          {
  14   1        unsigned char Key_Value = 1;
  15   1        GPIO_KEY=0x0f;
  16   1        if(GPIO_KEY!=0x0f)//有按键按下
  17   1        {
  18   2          GPIO_KEY=0X0F;
  19   2          switch(GPIO_KEY)
  20   2          {
  21   3            case(0X07): Key_Value=1;break;
  22   3            case(0X0b): Key_Value=2;break;
  23   3            case(0X0d): Key_Value=3;break;
  24   3            case(0X0e): Key_Value=4;break;
  25   3          }
  26   2          GPIO_KEY=0XF0;
  27   2          switch(GPIO_KEY)
  28   2          {
  29   3            case(0X70): Key_Value=Key_Value;break;
  30   3            case(0Xb0): Key_Value=Key_Value+4;break;
  31   3            case(0Xd0): Key_Value=Key_Value+8;break;
  32   3            case(0Xe0): Key_Value=Key_Value+12;break;
  33   3          }
  34   2          while((GPIO_KEY!=0xf0)&&(GPIO_KEY != 0X0F));
  35   2        }
  36   1        else
  37   1        {
  38   2          Key_Value=0xff;  //无按键按下
  39   2        }
  40   1        return Key_Value;  //返回KeyValue
  41   1      }


MODULE INFORMATION:   STATIC OVERLAYABLE
   CODE SIZE        =    112    ----
   CONSTANT SIZE    =   ----    ----
   XDATA SIZE       =   ----    ----
   PDATA SIZE       =   ----    ----
   DATA SIZE        =   ----       1
   IDATA SIZE       =   ----    ----
   BIT SIZE         =   ----    ----
END OF MODULE INFORMATION.


C51 COMPILATION COMPLETE.  0 WARNING(S),  0 ERROR(S)
