C51 COMPILER V9.54   TIMER                                                                 04/05/2022 17:35:17 PAGE 1   


C51 COMPILER V9.54, COMPILATION OF MODULE TIMER
OBJECT MODULE PLACED IN .\Objects\Timer.obj
COMPILER INVOKED BY: D:\Keil\C51\BIN\C51.EXE ..\sys\Timer.c OPTIMIZE(8,SPEED) BROWSE INCDIR(..\sys;..\driver) DEBUG OBJE
                    -CTEXTEND PRINT(.\Listings\Timer.lst) TABS(2) OBJECT(.\Objects\Timer.obj)

line level    source

   1          #include <Timer.h>
   2          
   3          //void Timer1Init(void)   //1毫秒@12.000MHz
   4          //{
   5          //  TMOD &= 0x0F;   //设置定时器模式
   6          //  TL1 = 0x18;   //设置定时初始值
   7          //  TH1 = 0xFC;   //设置定时初始值
   8          //  TF1 = 0;    //清除TF1标志
   9          //  TR1 = 1;    //定时器1开始计时
  10          //  
  11          //  EA = 1;
  12          //  ET1 = 1;
  13          //}
  14          void Timer0Init(void)   //1毫秒@11.0592MHz
  15          {
  16   1        TMOD &= 0xF0;   //设置定时器模式
  17   1        TL0 = 0xCD;   //设置定时初始值
  18   1        TH0 = 0xD4;   //设置定时初始值
  19   1        TF0 = 0;    //清除TF0标志
  20   1        TR0 = 1;    //定时器0开始计时
  21   1        
  22   1        EA = 1;
  23   1        ET0 = 1;
  24   1      }


MODULE INFORMATION:   STATIC OVERLAYABLE
   CODE SIZE        =     18    ----
   CONSTANT SIZE    =   ----    ----
   XDATA SIZE       =   ----    ----
   PDATA SIZE       =   ----    ----
   DATA SIZE        =   ----    ----
   IDATA SIZE       =   ----    ----
   BIT SIZE         =   ----    ----
END OF MODULE INFORMATION.


C51 COMPILATION COMPLETE.  0 WARNING(S),  0 ERROR(S)
